>>> START 2026-09-29T08:04:08.1813672+03:00
[08:05:01] >>> SCRIPT START
[08:05:01] === DEBUG cargo build ===
[08:05:02] warning: app@0.7.2: rakc binary not found at D:\AgamizCode\ide-repo\src-tauri\../../target/release/rakc.exe
[08:05:02] warning: app@0.7.2: rakpkg binary not found at D:\AgamizCode\ide-repo\src-tauri\../../target/release/rakpkg.exe
[08:05:02] warning: unused return value of `std::option::Option::<T>::insert` that must be used
[08:05:02]    --> src\lib.rs:728:9
[08:05:02]     |
[08:05:02] 728 |         g.insert(child);
[08:05:02]     |         ^^^^^^^^^^^^^^^
[08:05:02]     |
[08:05:02]     = note: if you intended to set a value, consider assignment instead
[08:05:02]     = note: `#[warn(unused_must_use)]` (part of `#[warn(unused)]`) on by default
[08:05:02] help: use `let _ = ...` to ignore the resulting value
[08:05:02]     |
[08:05:02] 728 |         let _ = g.insert(child);
[08:05:02]     |         +++++++
[08:05:02] System.Management.Automation.RemoteException
[08:05:02] warning: `app` (lib) generated 1 warning
[08:05:02]     Finished `dev` profile [unoptimized + debuginfo] target(s) in 0.73s
[08:05:02] === DEBUG build finished, exit stored above ===
[08:05:02] === RELEASE npm run tauri build ===
[08:05:02] 
[08:05:02] > agamiz-code@0.7.2 tauri
[08:05:02] > tauri build
[08:05:02] 
[08:05:03]         Info Looking up installed tauri packages to check mismatched versions...
[08:05:04]      Running beforeBuildCommand `npm run build`
[08:05:05] 
[08:05:05] > agamiz-code@0.7.2 build
[08:05:05] > next build
[08:05:05] 
[08:05:06] Γצ▓ Next.js 16.3.4 (Turbopack)
[08:05:06] Γ£ף Running next.config.ts took 61ms
[08:05:06] 
[08:05:06]   Creating an optimized production build ...
[08:05:09] Γ£ף Compiled successfully in 1501ms
[08:05:09]   Running TypeScript ...
[08:05:11]   Finished TypeScript in 2.3s ...
[08:05:11]   Collecting page data using 5 workers ...
[08:05:12]   Generating static pages using 5 workers (0/4) ...
[08:05:13]   Generating static pages using 5 workers (1/4) 
[08:05:13]   Generating static pages using 5 workers (2/4) 
[08:05:13]   Generating static pages using 5 workers (3/4) 
[08:05:13] Γ£ף Generating static pages using 5 workers (4/4) in 1193ms
[08:05:13]   Finalizing page optimization ...
[08:05:14] 
[08:05:14] Route (app)
[08:05:14] Γפל Γקכ /
[08:05:14] Γפפ Γקכ /_not-found
[08:05:14] 
[08:05:14] 
[08:05:14] Γקכ  (Static)  prerendered as static content
[08:05:14] 
[08:05:16]    Compiling proc-macro2 v1.0.107
[08:05:16]    Compiling unicode-ident v1.0.26
[08:05:16]    Compiling quote v1.0.47
[08:05:16]    Compiling serde_core v1.0.229
[08:05:16]    Compiling siphasher v1.0.3
[08:05:16]    Compiling cfg-if v1.0.5
[08:05:16]    Compiling fastrand v2.5.0
[08:05:16]    Compiling icu_normalizer_data v2.3.0
[08:05:16]    Compiling icu_properties_data v2.3.0
[08:05:16]    Compiling stable_deref_trait v1.2.1
[08:05:16]    Compiling zmij v1.0.23
[08:05:16]    Compiling smallvec v1.16.1
[08:05:17]    Compiling thiserror v2.0.21
[08:05:17]    Compiling parking_lot_core v0.9.12
[08:05:17]    Compiling phf_shared v0.13.1
[08:05:17]    Compiling windows-link v0.2.1
[08:05:17]    Compiling serde v1.0.229
[08:05:17]    Compiling typeid v1.0.3
[08:05:17]    Compiling memchr v2.8.3
[08:05:17]    Compiling time-core v0.1.9
[08:05:17]    Compiling num-conv v0.2.2
[08:05:17]    Compiling phf_generator v0.13.1
[08:05:18]    Compiling ident_case v1.0.1
[08:05:18]    Compiling strsim v0.11.1
[08:05:18]    Compiling phf_codegen v0.13.1
[08:05:18]    Compiling thiserror v1.0.69
[08:05:18]    Compiling erased-serde v0.4.10
[08:05:18]    Compiling litemap v0.8.3
[08:05:18]    Compiling itoa v1.0.18
[08:05:18]    Compiling writeable v0.6.4
[08:05:18]    Compiling utf8_iter v1.0.4
[08:05:19]    Compiling new_debug_unreachable v1.0.6
[08:05:19]    Compiling anyhow v1.0.104
[08:05:19]    Compiling scopeguard v1.2.0
[08:05:19]    Compiling lock_api v0.4.14
[08:05:19]    Compiling winnow v1.0.4
[08:05:19]    Compiling getrandom v0.4.3
[08:05:20]    Compiling serde_json v1.0.151
[08:05:20]    Compiling precomputed-hash v0.1.1
[08:05:21]    Compiling syn v3.0.6
[08:05:21]    Compiling syn v2.0.119
[08:05:21]    Compiling string_cache_codegen v0.6.1
[08:05:21]    Compiling parking_lot v0.12.5
[08:05:21]    Compiling windows-sys v0.61.2
[08:05:21]    Compiling toml_parser v1.1.3+spec-1.1.0
[08:05:21]    Compiling windows_x86_64_msvc v0.52.6
[08:05:22]    Compiling ctor-proc-macro v0.0.7
[08:05:22]    Compiling toml_writer v1.1.2+spec-1.1.0
[08:05:22]    Compiling string_cache v0.9.0
[08:05:22]    Compiling web_atoms v0.2.6
[08:05:22]    Compiling autocfg v1.5.1
[08:05:22]    Compiling percent-encoding v2.3.2
[08:05:23]    Compiling serde_spanned v1.1.1
[08:05:23]    Compiling semver v1.0.28
[08:05:23]    Compiling dtoa v1.0.11
[08:05:23]    Compiling log v0.4.34
[08:05:23]    Compiling form_urlencoded v1.2.2
[08:05:23]    Compiling dtoa-short v0.3.5
[08:05:24]    Compiling indexmap v1.9.3
[08:05:24]    Compiling toml_datetime v1.1.1+spec-1.1.0
[08:05:24]    Compiling uuid v1.26.1
[08:05:24]    Compiling aho-corasick v1.1.5
[08:05:24]    Compiling tendril v0.5.1
[08:05:24]    Compiling selectors v0.36.1
[08:05:24]    Compiling unic-common v0.9.0
[08:05:24]    Compiling unic-char-range v0.9.0
[08:05:24]    Compiling camino v1.2.6
[08:05:24]    Compiling libc v0.2.189
[08:05:25]    Compiling alloc-no-stdlib v2.0.4
[08:05:25]    Compiling byteorder v1.5.0
[08:05:25]    Compiling regex-syntax v0.8.11
[08:05:25]    Compiling alloc-stdlib v0.2.4
[08:05:25]    Compiling unic-char-property v0.9.0
[08:05:25]    Compiling unic-ucd-version v0.9.0
[08:05:25]    Compiling winapi-util v0.1.11
[08:05:26]    Compiling toml v1.1.6+spec-1.1.0
[08:05:26]    Compiling servo_arc v0.4.3
[08:05:26]    Compiling hashbrown v0.12.3
[08:05:26]    Compiling rustc-hash v2.1.3
[08:05:26]    Compiling hashbrown v0.17.1
[08:05:26]    Compiling bitflags v2.13.2
[08:05:27]    Compiling schemars v0.8.22
[08:05:27]    Compiling equivalent v1.0.2
[08:05:27]    Compiling deranged v0.5.8
[08:05:27]    Compiling bit-vec v0.8.0
[08:05:27]    Compiling fnv v1.0.7
[08:05:27]    Compiling powerfmt v0.2.0
[08:05:27]    Compiling cfb v0.7.3
[08:05:27]    Compiling bit-set v0.8.0
[08:05:28]    Compiling same-file v1.0.6
[08:05:28]    Compiling unic-ucd-ident v0.9.0
[08:05:28]    Compiling indexmap v2.14.2
[08:05:28]    Compiling brotli-decompressor v5.0.3
[08:05:29]    Compiling serde_derive_internals v0.29.1
[08:05:29]    Compiling time v0.3.55
[08:05:30]    Compiling synstructure v0.14.0
[08:05:30]    Compiling darling_core v0.24.1
[08:05:30]    Compiling quick-xml v0.42.0
[08:05:30]    Compiling base64 v0.23.1
[08:05:30]    Compiling bytes v1.12.1
[08:05:31]    Compiling regex-automata v0.4.18
[08:05:31]    Compiling dunce v1.0.5
[08:05:31]    Compiling dyn-clone v1.0.20
[08:05:31]    Compiling foldhash v0.2.0
[08:05:32]    Compiling brotli v8.0.4
[08:05:32]    Compiling infer v0.19.0
[08:05:33]    Compiling http v1.5.0
[08:05:33]    Compiling serde-untagged v0.1.9
[08:05:33]    Compiling walkdir v2.5.0
[08:05:34]    Compiling ctor v0.8.0
[08:05:34]    Compiling version_check v0.9.5
[08:05:34]    Compiling find-msvc-tools v0.1.13
[08:05:34]    Compiling glob v0.3.4
[08:05:34]    Compiling shlex v2.0.1
[08:05:34]    Compiling phf_macros v0.13.1
[08:05:34]    Compiling thiserror-impl v1.0.69
[08:05:35]    Compiling cssparser-macros v0.6.1
[08:05:35]    Compiling derive_more-impl v2.1.1
[08:05:35]    Compiling schemars_derive v0.8.22
[08:05:36]    Compiling zerofrom-derive v0.1.8
[08:05:36]    Compiling yoke-derive v0.8.3
[08:05:36]    Compiling zerovec-derive v0.11.6
[08:05:37]    Compiling displaydoc v0.2.7
[08:05:37]    Compiling serde_derive v1.0.229
[08:05:37]    Compiling thiserror-impl v2.0.21
[08:05:38]    Compiling phf v0.13.1
[08:05:38]    Compiling derive_more v2.1.1
[08:05:39]    Compiling cssparser v0.36.0
[08:05:39]    Compiling regex v1.13.1
[08:05:39]    Compiling windows-interface v0.59.3
[08:05:39]    Compiling windows-implement v0.60.2
[08:05:39]    Compiling zerofrom v0.1.8
[08:05:40]    Compiling yoke v0.8.3
[08:05:40]    Compiling cc v1.4.7
[08:05:41]    Compiling zerovec v0.11.8
[08:05:41]    Compiling zerotrie v0.2.5
[08:05:41]    Compiling markup5ever v0.38.0
[08:05:41]    Compiling darling_macro v0.24.1
[08:05:41]    Compiling windows-link v0.1.3
[08:05:41]    Compiling html5ever v0.38.0
[08:05:41]    Compiling windows-targets v0.52.6
[08:05:42]    Compiling windows-sys v0.59.0
[08:05:43]    Compiling tinystr v0.8.4
[08:05:43]    Compiling potential_utf v0.1.6
[08:05:43]    Compiling darling v0.24.1
[08:05:43]    Compiling windows-strings v0.4.2
[08:05:43]    Compiling windows-result v0.3.4
[08:05:43]    Compiling icu_collections v2.3.0
[08:05:43]    Compiling icu_locale_core v2.3.0
[08:05:43]    Compiling serde_with_macros v3.23.0
[08:05:44]    Compiling dom_query v0.27.0
[08:05:44]    Compiling windows-core v0.61.2
[08:05:44]    Compiling rustc_version v0.4.1
[08:05:45]    Compiling vswhom-sys v0.1.3
[08:05:45]    Compiling toml_datetime v0.7.5+spec-1.1.0
[08:05:46]    Compiling serde_with v3.23.0
[08:05:46]    Compiling icu_provider v2.3.1
[08:05:47]    Compiling cargo-platform v0.1.9
[08:05:47]    Compiling jsonptr v0.6.3
[08:05:47]    Compiling plist v1.10.1
[08:05:48]    Compiling icu_properties v2.3.0
[08:05:48]    Compiling icu_normalizer v2.3.0
[08:05:48]    Compiling cargo_metadata v0.19.2
[08:05:49]    Compiling vswhom v0.1.0
[08:05:49]    Compiling json-patch v3.0.1
[08:05:49]    Compiling option-ext v0.2.0
[08:05:49]    Compiling winnow v0.7.15
[08:05:50]    Compiling winreg v0.55.0
[08:05:50]    Compiling dirs-sys v0.5.0
[08:05:50]    Compiling embed-resource v3.0.11
[08:05:50]    Compiling heck v0.5.0
[08:05:51]    Compiling dirs v6.0.0
[08:05:51]    Compiling tauri-winres v0.3.6
[08:05:51]    Compiling windows-threading v0.1.0
[08:05:51]    Compiling generic-array v0.14.7
[08:05:51]    Compiling idna_adapter v1.2.2
[08:05:52]    Compiling idna v1.1.0
[08:05:52]    Compiling simd-adler32 v0.3.10
[08:05:52]    Compiling windows-future v0.2.1
[08:05:52]    Compiling windows-collections v0.2.0
[08:05:52]    Compiling windows-numerics v0.2.0
[08:05:52]    Compiling url v2.5.8
[08:05:53]    Compiling time-macros v0.2.32
[08:05:53]    Compiling raw-window-handle v0.6.2
[08:05:54]    Compiling typenum v1.20.1
[08:05:54]    Compiling adler2 v2.0.1
[08:05:54]    Compiling toml v0.9.12+spec-1.1.0
[08:05:54]    Compiling crc32fast v1.5.2
[08:05:54]    Compiling urlpattern v0.3.0
[08:05:55]    Compiling windows v0.61.3
[08:05:55]    Compiling webview2-com-sys v0.38.2
[08:05:56]    Compiling cargo_toml v0.22.3
[08:05:57]    Compiling tauri-utils v2.9.3
[08:05:58]    Compiling crossbeam-utils v0.8.23
[08:06:00]    Compiling miniz_oxide v0.9.1
[08:06:00]    Compiling dpi v0.1.2
[08:06:01]    Compiling cookie v0.18.2
[08:06:06]    Compiling flate2 v1.1.10
[08:06:09]    Compiling block-buffer v0.10.4
[08:06:10]    Compiling crypto-common v0.1.7
[08:06:10]    Compiling miniz_oxide v0.8.9
[08:06:10]    Compiling fdeflate v0.3.7
[08:06:11]    Compiling webview2-com-macros v0.8.1
[08:06:13]    Compiling windows-version v0.1.7
[08:06:13]    Compiling bitflags v1.3.2
[08:06:13]    Compiling once_cell v1.21.4
[08:06:13]    Compiling unicode-segmentation v1.13.3
[08:06:14]    Compiling pin-project-lite v0.2.17
[08:06:14]    Compiling png v0.17.16
[08:06:15]    Compiling tauri-build v2.6.3
[08:06:15]    Compiling tauri-plugin v2.6.3
[08:06:16]    Compiling digest v0.10.7
[08:06:17]    Compiling crossbeam-channel v0.5.17
[08:06:22]    Compiling cpufeatures v0.2.17
[08:06:22]    Compiling tauri-runtime v2.11.3
[08:06:23]    Compiling wry v0.55.1
[08:06:24]    Compiling tracing-core v0.1.36
[08:06:24]    Compiling sha2 v0.10.9
[08:06:26]    Compiling tracing v0.1.44
[08:06:27]    Compiling ico v0.5.0
[08:06:27]    Compiling base64 v0.22.1
[08:06:27]    Compiling getrandom v0.3.4
[08:06:27]    Compiling tauri-runtime-wry v2.11.4
[08:06:28]    Compiling windows_x86_64_msvc v0.53.1
[08:06:28]    Compiling tauri-codegen v2.6.3
[08:06:28]    Compiling softbuffer v0.4.8
[08:06:28]    Compiling keyboard-types v0.7.0
[08:06:29]    Compiling serialize-to-javascript-impl v0.1.2
[08:06:30]    Compiling windows-strings v0.5.1
[08:06:30]    Compiling windows-result v0.4.1
[08:06:30]    Compiling serialize-to-javascript v0.1.2
[08:06:31]    Compiling windows-core v0.62.2
[08:06:31]    Compiling window-vibrancy v0.6.0
[08:06:32]    Compiling tokio v1.53.1
[08:06:32]    Compiling serde_repr v0.1.21
[08:06:32]    Compiling muda v0.19.3
[08:06:34]    Compiling mime v0.3.17
[08:06:34]    Compiling windows-targets v0.53.5
[08:06:34]    Compiling rfd v0.16.0
[08:06:34]    Compiling windows-sys v0.60.2
[08:06:34]    Compiling windows-threading v0.2.1
[08:06:35]    Compiling windows-future v0.3.2
[08:06:35]    Compiling windows-numerics v0.3.1
[08:06:35]    Compiling windows-collections v0.3.2
[08:06:35]    Compiling fern v0.7.1
[08:06:37]    Compiling windows v0.62.2
[08:06:38]    Compiling tauri v2.11.5
[08:06:38]    Compiling tauri-plugin-fs v2.5.2
[08:06:38]    Compiling tauri-macros v2.6.3
[08:06:38]    Compiling tauri-plugin-log v2.9.1
[08:06:39]    Compiling tauri-plugin-dialog v2.7.3
[08:06:41]    Compiling app v0.7.2 (D:\AgamizCode\ide-repo\src-tauri)
[08:06:47] warning: app@0.7.2: rakc binary not found at D:\AgamizCode\ide-repo\src-tauri\../../target/release/rakc.exe
[08:06:47] warning: app@0.7.2: rakpkg binary not found at D:\AgamizCode\ide-repo\src-tauri\../../target/release/rakpkg.exe
[08:07:03]    Compiling tao v0.35.3
[08:07:08]    Compiling webview2-com v0.38.2
[08:08:34] warning: unused return value of `std::option::Option::<T>::insert` that must be used
[08:08:34]    --> src\lib.rs:728:9
[08:08:34]     |
[08:08:34] 728 |         g.insert(child);
[08:08:34]     |         ^^^^^^^^^^^^^^^
[08:08:34]     |
[08:08:34]     = note: if you intended to set a value, consider assignment instead
[08:08:34]     = note: `#[warn(unused_must_use)]` (part of `#[warn(unused)]`) on by default
[08:08:34] help: use `let _ = ...` to ignore the resulting value
[08:08:34]     |
[08:08:34] 728 |         let _ = g.insert(child);
[08:08:34]     |         +++++++
[08:08:34] System.Management.Automation.RemoteException
[08:09:23] warning: `app` (lib) generated 1 warning
[08:09:25]     Finished `release` profile [optimized] target(s) in 4m 10s
[08:09:25]        Built application at: D:\AgamizCode\ide-repo\src-tauri\target\release\app.exe
[08:09:25]         Info Patching D:\AgamizCode\ide-repo\src-tauri\target\release\app.exe with bundle type information: msi
[08:09:25]         Info Target: x64
[08:09:25]      Running candle for "D:\\AgamizCode\\ide-repo\\src-tauri\\target\\release\\wix\\x64\\main.wxs"
[08:09:26]      Running light to produce D:\AgamizCode\ide-repo\src-tauri\target\release\bundle\msi\Agamiz Code_0.7.2_x64_en-US.msi
[08:09:39]         Info Patching D:\AgamizCode\ide-repo\src-tauri\target\release\app.exe with bundle type information: nsis
[08:09:39]         Info Target: x64
[08:09:39]      Running makensis to produce D:\AgamizCode\ide-repo\src-tauri\target\release\bundle\nsis\Agamiz Code_0.7.2_x64-setup.exe
[08:10:02]     Finished 2 bundles at:
[08:10:02]         D:\AgamizCode\ide-repo\src-tauri\target\release\bundle\msi\Agamiz Code_0.7.2_x64_en-US.msi
[08:10:02]         D:\AgamizCode\ide-repo\src-tauri\target\release\bundle\nsis\Agamiz Code_0.7.2_x64-setup.exe
[08:10:02] System.Management.Automation.RemoteException
[08:10:02] === RELEASE build finished ===
[08:10:02] >>> SCRIPT DONE
