\D:\AgamizCode\ide-repo\src-tauri\rebuild.log=D:\AgamizCode\ide-repo\src-tauri\rebuild.log : The term 
'\D:\AgamizCode\ide-repo\src-tauri\rebuild.log=D:\AgamizCode\ide-repo\src-tauri\rebuild.log' is not recognized as the 
name of a cmdlet, function, script file, or operable program. Check the spelling of the name, or if a path was 
included, verify that the path is correct and try again.
At line:1 char:1
+ \D:\AgamizCode\ide-repo\src-tauri\rebuild.log='D:\AgamizCode\ide-repo ...
+ ~~~~~~~~~~~~~~~~~~~~~~~~~~~~~~~~~~~~~~~~~~~~~~~~~~~~~~~~~~~~~~~~~~~~~
    + CategoryInfo          : ObjectNotFound: (\D:\AgamizCode\...uri\rebuild.log:String) [], CommandNotFoundException
    + FullyQualifiedErrorId : CommandNotFoundException
 
Out-File : Cannot find drive. A drive with the name '\D' does not exist.
At line:1 char:174
+ ... uild ===' | Out-File \D:\AgamizCode\ide-repo\src-tauri\rebuild.log -A ...
+                 ~~~~~~~~~~~~~~~~~~~~~~~~~~~~~~~~~~~~~~~~~~~~~~~~~~~~~~~~~
    + CategoryInfo          : ObjectNotFound: (\D:String) [Out-File], DriveNotFoundException
    + FullyQualifiedErrorId : DriveNotFound,Microsoft.PowerShell.Commands.OutFileCommand
 
Out-File : Cannot find drive. A drive with the name '\D' does not exist.
At line:1 char:272
+ ... uild 2>&1 | Out-File \D:\AgamizCode\ide-repo\src-tauri\rebuild.log -A ...
+                 ~~~~~~~~~~~~~~~~~~~~~~~~~~~~~~~~~~~~~~~~~~~~~~~~~~~~~~~~~
    + CategoryInfo          : ObjectNotFound: (\D:String) [Out-File], DriveNotFoundException
    + FullyQualifiedErrorId : DriveNotFound,Microsoft.PowerShell.Commands.OutFileCommand
 
Out-File : Cannot find drive. A drive with the name '\D' does not exist.
At line:1 char:391
+ ... uild ===' | Out-File \D:\AgamizCode\ide-repo\src-tauri\rebuild.log -A ...
+                 ~~~~~~~~~~~~~~~~~~~~~~~~~~~~~~~~~~~~~~~~~~~~~~~~~~~~~~~~~
    + CategoryInfo          : ObjectNotFound: (\D:String) [Out-File], DriveNotFoundException
    + FullyQualifiedErrorId : DriveNotFound,Microsoft.PowerShell.Commands.OutFileCommand
 
Out-File : Cannot find drive. A drive with the name '\D' does not exist.
At line:1 char:536
+ ... uild 2>&1 | Out-File \D:\AgamizCode\ide-repo\src-tauri\rebuild.log -A ...
+                 ~~~~~~~~~~~~~~~~~~~~~~~~~~~~~~~~~~~~~~~~~~~~~~~~~~~~~~~~~
    + CategoryInfo          : ObjectNotFound: (\D:String) [Out-File], DriveNotFoundException
    + FullyQualifiedErrorId : DriveNotFound,Microsoft.PowerShell.Commands.OutFileCommand
 
Out-File : Cannot find drive. A drive with the name '\D' does not exist.
At line:1 char:653
+ ... rmat 'o') | Out-File \D:\AgamizCode\ide-repo\src-tauri\rebuild.log -A ...
+                 ~~~~~~~~~~~~~~~~~~~~~~~~~~~~~~~~~~~~~~~~~~~~~~~~~~~~~~~~~
    + CategoryInfo          : ObjectNotFound: (\D:String) [Out-File], DriveNotFoundException
    + FullyQualifiedErrorId : DriveNotFound,Microsoft.PowerShell.Commands.OutFileCommand
 
